Archive member included to satisfy reference by file (symbol)

/Applications/Ac6/SystemWorkbench.app/Contents/Eclipse/plugins/fr.ac6.mcu.externaltools.arm-none.macos64_1.17.0.201812190825/tools/compiler/bin/../lib/gcc/arm-none-eabi/7.3.1/../../../../arm-none-eabi/lib/thumb/v6-m/libm.a(lib_a-s_trunc.o)
                              src/bounce.o (trunc)
/Applications/Ac6/SystemWorkbench.app/Contents/Eclipse/plugins/fr.ac6.mcu.externaltools.arm-none.macos64_1.17.0.201812190825/tools/compiler/bin/../lib/gcc/arm-none-eabi/7.3.1/thumb/v6-m/libgcc.a(_udivsi3.o)
                              StdPeriph_Driver/src/stm32f0xx_rcc.o (__aeabi_uidiv)
/Applications/Ac6/SystemWorkbench.app/Contents/Eclipse/plugins/fr.ac6.mcu.externaltools.arm-none.macos64_1.17.0.201812190825/tools/compiler/bin/../lib/gcc/arm-none-eabi/7.3.1/thumb/v6-m/libgcc.a(_divsi3.o)
                              src/bounce.o (__aeabi_idiv)
/Applications/Ac6/SystemWorkbench.app/Contents/Eclipse/plugins/fr.ac6.mcu.externaltools.arm-none.macos64_1.17.0.201812190825/tools/compiler/bin/../lib/gcc/arm-none-eabi/7.3.1/thumb/v6-m/libgcc.a(_dvmd_tls.o)
                              /Applications/Ac6/SystemWorkbench.app/Contents/Eclipse/plugins/fr.ac6.mcu.externaltools.arm-none.macos64_1.17.0.201812190825/tools/compiler/bin/../lib/gcc/arm-none-eabi/7.3.1/thumb/v6-m/libgcc.a(_udivsi3.o) (__aeabi_idiv0)
/Applications/Ac6/SystemWorkbench.app/Contents/Eclipse/plugins/fr.ac6.mcu.externaltools.arm-none.macos64_1.17.0.201812190825/tools/compiler/bin/../lib/gcc/arm-none-eabi/7.3.1/thumb/v6-m/libgcc.a(_arm_cmpsf2.o)
                              src/bounce.o (__aeabi_fcmpeq)
/Applications/Ac6/SystemWorkbench.app/Contents/Eclipse/plugins/fr.ac6.mcu.externaltools.arm-none.macos64_1.17.0.201812190825/tools/compiler/bin/../lib/gcc/arm-none-eabi/7.3.1/thumb/v6-m/libgcc.a(eqsf2.o)
                              /Applications/Ac6/SystemWorkbench.app/Contents/Eclipse/plugins/fr.ac6.mcu.externaltools.arm-none.macos64_1.17.0.201812190825/tools/compiler/bin/../lib/gcc/arm-none-eabi/7.3.1/thumb/v6-m/libgcc.a(_arm_cmpsf2.o) (__eqsf2)
/Applications/Ac6/SystemWorkbench.app/Contents/Eclipse/plugins/fr.ac6.mcu.externaltools.arm-none.macos64_1.17.0.201812190825/tools/compiler/bin/../lib/gcc/arm-none-eabi/7.3.1/thumb/v6-m/libgcc.a(gesf2.o)
                              /Applications/Ac6/SystemWorkbench.app/Contents/Eclipse/plugins/fr.ac6.mcu.externaltools.arm-none.macos64_1.17.0.201812190825/tools/compiler/bin/../lib/gcc/arm-none-eabi/7.3.1/thumb/v6-m/libgcc.a(_arm_cmpsf2.o) (__gesf2)
/Applications/Ac6/SystemWorkbench.app/Contents/Eclipse/plugins/fr.ac6.mcu.externaltools.arm-none.macos64_1.17.0.201812190825/tools/compiler/bin/../lib/gcc/arm-none-eabi/7.3.1/thumb/v6-m/libgcc.a(lesf2.o)
                              /Applications/Ac6/SystemWorkbench.app/Contents/Eclipse/plugins/fr.ac6.mcu.externaltools.arm-none.macos64_1.17.0.201812190825/tools/compiler/bin/../lib/gcc/arm-none-eabi/7.3.1/thumb/v6-m/libgcc.a(_arm_cmpsf2.o) (__lesf2)
/Applications/Ac6/SystemWorkbench.app/Contents/Eclipse/plugins/fr.ac6.mcu.externaltools.arm-none.macos64_1.17.0.201812190825/tools/compiler/bin/../lib/gcc/arm-none-eabi/7.3.1/thumb/v6-m/libgcc.a(fixsfsi.o)
                              src/bounce.o (__aeabi_f2iz)
/Applications/Ac6/SystemWorkbench.app/Contents/Eclipse/plugins/fr.ac6.mcu.externaltools.arm-none.macos64_1.17.0.201812190825/tools/compiler/bin/../lib/gcc/arm-none-eabi/7.3.1/thumb/v6-m/libgcc.a(adddf3.o)
                              /Applications/Ac6/SystemWorkbench.app/Contents/Eclipse/plugins/fr.ac6.mcu.externaltools.arm-none.macos64_1.17.0.201812190825/tools/compiler/bin/../lib/gcc/arm-none-eabi/7.3.1/../../../../arm-none-eabi/lib/thumb/v6-m/libm.a(lib_a-s_trunc.o) (__aeabi_dadd)
/Applications/Ac6/SystemWorkbench.app/Contents/Eclipse/plugins/fr.ac6.mcu.externaltools.arm-none.macos64_1.17.0.201812190825/tools/compiler/bin/../lib/gcc/arm-none-eabi/7.3.1/thumb/v6-m/libgcc.a(divdf3.o)
                              src/bounce.o (__aeabi_ddiv)
/Applications/Ac6/SystemWorkbench.app/Contents/Eclipse/plugins/fr.ac6.mcu.externaltools.arm-none.macos64_1.17.0.201812190825/tools/compiler/bin/../lib/gcc/arm-none-eabi/7.3.1/thumb/v6-m/libgcc.a(muldf3.o)
                              src/bounce.o (__aeabi_dmul)
/Applications/Ac6/SystemWorkbench.app/Contents/Eclipse/plugins/fr.ac6.mcu.externaltools.arm-none.macos64_1.17.0.201812190825/tools/compiler/bin/../lib/gcc/arm-none-eabi/7.3.1/thumb/v6-m/libgcc.a(floatsidf.o)
                              src/bounce.o (__aeabi_i2d)
/Applications/Ac6/SystemWorkbench.app/Contents/Eclipse/plugins/fr.ac6.mcu.externaltools.arm-none.macos64_1.17.0.201812190825/tools/compiler/bin/../lib/gcc/arm-none-eabi/7.3.1/thumb/v6-m/libgcc.a(truncdfsf2.o)
                              src/bounce.o (__aeabi_d2f)
[...]
Memory Configuration

Name             Origin             Length             Attributes
RAM              0x0000000020000000 0x0000000000008000 xrw
ROM              0x0000000008000000 0x0000000000040000 xr
*default*        0x0000000000000000 0xffffffffffffffff

Linker script and memory map

LOAD /Applications/Ac6/SystemWorkbench.app/Contents/Eclipse/plugins/fr.ac6.mcu.externaltools.arm-none.macos64_1.17.0.201812190825/tools/compiler/bin/../lib/gcc/arm-none-eabi/7.3.1/thumb/v6-m/crti.o
LOAD /Applications/Ac6/SystemWorkbench.app/Contents/Eclipse/plugins/fr.ac6.mcu.externaltools.arm-none.macos64_1.17.0.201812190825/tools/compiler/bin/../lib/gcc/arm-none-eabi/7.3.1/thumb/v6-m/crtbegin.o
LOAD /Applications/Ac6/SystemWorkbench.app/Contents/Eclipse/plugins/fr.ac6.mcu.externaltools.arm-none.macos64_1.17.0.201812190825/tools/compiler/bin/../lib/gcc/arm-none-eabi/7.3.1/../../../../arm-none-eabi/lib/thumb/v6-m/crt0.o
LOAD StdPeriph_Driver/src/stm32f0xx_adc.o
LOAD StdPeriph_Driver/src/stm32f0xx_can.o
LOAD StdPeriph_Driver/src/stm32f0xx_cec.o
LOAD StdPeriph_Driver/src/stm32f0xx_comp.o
LOAD StdPeriph_Driver/src/stm32f0xx_crc.o
LOAD StdPeriph_Driver/src/stm32f0xx_crs.o
LOAD StdPeriph_Driver/src/stm32f0xx_dac.o
LOAD StdPeriph_Driver/src/stm32f0xx_dbgmcu.o
LOAD StdPeriph_Driver/src/stm32f0xx_dma.o
LOAD StdPeriph_Driver/src/stm32f0xx_exti.o
LOAD StdPeriph_Driver/src/stm32f0xx_flash.o
LOAD StdPeriph_Driver/src/stm32f0xx_gpio.o
LOAD StdPeriph_Driver/src/stm32f0xx_i2c.o
LOAD StdPeriph_Driver/src/stm32f0xx_iwdg.o
LOAD StdPeriph_Driver/src/stm32f0xx_misc.o
LOAD StdPeriph_Driver/src/stm32f0xx_pwr.o
LOAD StdPeriph_Driver/src/stm32f0xx_rcc.o
LOAD StdPeriph_Driver/src/stm32f0xx_rtc.o
LOAD StdPeriph_Driver/src/stm32f0xx_spi.o
LOAD StdPeriph_Driver/src/stm32f0xx_syscfg.o
LOAD StdPeriph_Driver/src/stm32f0xx_tim.o
LOAD StdPeriph_Driver/src/stm32f0xx_usart.o
LOAD StdPeriph_Driver/src/stm32f0xx_wwdg.o
LOAD src/background.o
LOAD src/ball.o
LOAD src/bounce.o
LOAD src/lcd.o
LOAD src/paddle.o
LOAD src/syscalls.o
LOAD src/system_stm32f0xx.o
LOAD startup/startup_stm32.o
LOAD /Applications/Ac6/SystemWorkbench.app/Contents/Eclipse/plugins/fr.ac6.mcu.externaltools.arm-none.macos64_1.17.0.201812190825/tools/compiler/bin/../lib/gcc/arm-none-eabi/7.3.1/../../../../arm-none-eabi/lib/thumb/v6-m/libm.a
START GROUP
LOAD /Applications/Ac6/SystemWorkbench.app/Contents/Eclipse/plugins/fr.ac6.mcu.externaltools.arm-none.macos64_1.17.0.201812190825/tools/compiler/bin/../lib/gcc/arm-none-eabi/7.3.1/thumb/v6-m/libgcc.a
LOAD /Applications/Ac6/SystemWorkbench.app/Contents/Eclipse/plugins/fr.ac6.mcu.externaltools.arm-none.macos64_1.17.0.201812190825/tools/compiler/bin/../lib/gcc/arm-none-eabi/7.3.1/../../../../arm-none-eabi/lib/thumb/v6-m/libc.a
END GROUP
LOAD /Applications/Ac6/SystemWorkbench.app/Contents/Eclipse/plugins/fr.ac6.mcu.externaltools.arm-none.macos64_1.17.0.201812190825/tools/compiler/bin/../lib/gcc/arm-none-eabi/7.3.1/thumb/v6-m/crtend.o
LOAD /Applications/Ac6/SystemWorkbench.app/Contents/Eclipse/plugins/fr.ac6.mcu.externaltools.arm-none.macos64_1.17.0.201812190825/tools/compiler/bin/../lib/gcc/arm-none-eabi/7.3.1/thumb/v6-m/crtn.o
                0x0000000020008000                _estack = 0x20008000
                0x0000000000000000                _Min_Heap_Size = 0x0
                0x0000000000000400                _Min_Stack_Size = 0x400

.isr_vector     0x0000000008000000       0xc0
                0x0000000008000000                . = ALIGN (0x4)
 *(.isr_vector)
 .isr_vector    0x0000000008000000       0xc0 startup/startup_stm32.o
                0x0000000008000000                g_pfnVectors
                0x00000000080000c0                . = ALIGN (0x4)

.text           0x00000000080000c0     0x3260
                0x00000000080000c0                . = ALIGN (0x4)
 *(.text)
 .text          0x00000000080000c0       0x48 /Applications/Ac6/SystemWorkbench.app/Contents/Eclipse/plugins/fr.ac6.mcu.externaltools.arm-none.macos64_1.17.0.201812190825/tools/compiler/bin/../lib/gcc/arm-none-eabi/7.3.1/thumb/v6-m/crtbegin.o
 .text          0x0000000008000108      0x114 /Applications/Ac6/SystemWorkbench.app/Contents/Eclipse/plugins/fr.ac6.mcu.externaltools.arm-none.macos64_1.17.0.201812190825/tools/compiler/bin/../lib/gcc/arm-none-eabi/7.3.1/thumb/v6-m/libgcc.a(_udivsi3.o)
                0x0000000008000108                __udivsi3
                0x0000000008000108                __aeabi_uidiv
                0x0000000008000214                __aeabi_uidivmod
 .text          0x000000000800021c      0x1d4 /Applications/Ac6/SystemWorkbench.app/Contents/Eclipse/plugins/fr.ac6.mcu.externaltools.arm-none.macos64_1.17.0.201812190825/tools/compiler/bin/../lib/gcc/arm-none-eabi/7.3.1/thumb/v6-m/libgcc.a(_divsi3.o)
                0x000000000800021c                __aeabi_idiv
                0x000000000800021c                __divsi3
                0x00000000080003e8                __aeabi_idivmod
 .text          0x00000000080003f0        0x4 /Applications/Ac6/SystemWorkbench.app/Contents/Eclipse/plugins/fr.ac6.mcu.externaltools.arm-none.macos64_1.17.0.201812190825/tools/compiler/bin/../lib/gcc/arm-none-eabi/7.3.1/thumb/v6-m/libgcc.a(_dvmd_tls.o)
                0x00000000080003f0                __aeabi_ldiv0
                0x00000000080003f0                __aeabi_idiv0
 .text          0x00000000080003f4       0x74 /Applications/Ac6/SystemWorkbench.app/Contents/Eclipse/plugins/fr.ac6.mcu.externaltools.arm-none.macos64_1.17.0.201812190825/tools/compiler/bin/../lib/gcc/arm-none-eabi/7.3.1/thumb/v6-m/libgcc.a(_arm_cmpsf2.o)
                0x00000000080003f4                __aeabi_cfrcmple
                0x00000000080003fc                __aeabi_cfcmple
                0x00000000080003fc                __aeabi_cfcmpeq
                0x000000000800040c                __aeabi_fcmpeq
                0x0000000008000418                __aeabi_fcmplt
                0x000000000800042c                __aeabi_fcmple
                0x0000000008000440                __aeabi_fcmpgt
                0x0000000008000454                __aeabi_fcmpge
 .text          0x0000000008000468       0x50 /Applications/Ac6/SystemWorkbench.app/Contents/Eclipse/plugins/fr.ac6.mcu.externaltools.arm-none.macos64_1.17.0.201812190825/tools/compiler/bin/../lib/gcc/arm-none-eabi/7.3.1/thumb/v6-m/libgcc.a(eqsf2.o)
                0x0000000008000468                __nesf2
                0x0000000008000468                __eqsf2
 .text          0x00000000080004b8       0x9c /Applications/Ac6/SystemWorkbench.app/Contents/Eclipse/plugins/fr.ac6.mcu.externaltools.arm-none.macos64_1.17.0.201812190825/tools/compiler/bin/../lib/gcc/arm-none-eabi/7.3.1/thumb/v6-m/libgcc.a(gesf2.o)
                0x00000000080004b8                __gtsf2
                0x00000000080004b8                __gesf2
 .text          0x0000000008000554       0xa0 /Applications/Ac6/SystemWorkbench.app/Contents/Eclipse/plugins/fr.ac6.mcu.externaltools.arm-none.macos64_1.17.0.201812190825/tools/compiler/bin/../lib/gcc/arm-none-eabi/7.3.1/thumb/v6-m/libgcc.a(lesf2.o)
                0x0000000008000554                __lesf2
                0x0000000008000554                __ltsf2
 .text          0x00000000080005f4       0x40 /Applications/Ac6/SystemWorkbench.app/Contents/Eclipse/plugins/fr.ac6.mcu.externaltools.arm-none.macos64_1.17.0.201812190825/tools/compiler/bin/../lib/gcc/arm-none-eabi/7.3.1/thumb/v6-m/libgcc.a(fixsfsi.o)
                0x00000000080005f4                __aeabi_f2iz
 .text          0x0000000008000634      0x638 /Applications/Ac6/SystemWorkbench.app/Contents/Eclipse/plugins/fr.ac6.mcu.externaltools.arm-none.macos64_1.17.0.201812190825/tools/compiler/bin/../lib/gcc/arm-none-eabi/7.3.1/thumb/v6-m/libgcc.a(adddf3.o)
                0x0000000008000634                __aeabi_dadd
 .text          0x0000000008000c6c      0x604 /Applications/Ac6/SystemWorkbench.app/Contents/Eclipse/plugins/fr.ac6.mcu.externaltools.arm-none.macos64_1.17.0.201812190825/tools/compiler/bin/../lib/gcc/arm-none-eabi/7.3.1/thumb/v6-m/libgcc.a(divdf3.o)
                0x0000000008000c6c                __aeabi_ddiv
 .text          0x0000000008001270      0x4e4 /Applications/Ac6/SystemWorkbench.app/Contents/Eclipse/plugins/fr.ac6.mcu.externaltools.arm-none.macos64_1.17.0.201812190825/tools/compiler/bin/../lib/gcc/arm-none-eabi/7.3.1/thumb/v6-m/libgcc.a(muldf3.o)
                0x0000000008001270                __aeabi_dmul
 .text          0x0000000008001754       0x74 /Applications/Ac6/SystemWorkbench.app/Contents/Eclipse/plugins/fr.ac6.mcu.externaltools.arm-none.macos64_1.17.0.201812190825/tools/compiler/bin/../lib/gcc/arm-none-eabi/7.3.1/thumb/v6-m/libgcc.a(floatsidf.o)
                0x0000000008001754                __aeabi_i2d
 .text          0x00000000080017c8      0x108 /Applications/Ac6/SystemWorkbench.app/Contents/Eclipse/plugins/fr.ac6.mcu.externaltools.arm-none.macos64_1.17.0.201812190825/tools/compiler/bin/../lib/gcc/arm-none-eabi/7.3.1/thumb/v6-m/libgcc.a(truncdfsf2.o)
                0x00000000080017c8                __aeabi_d2f
 .text          0x00000000080018d0       0x3c /Applications/Ac6/SystemWorkbench.app/Contents/Eclipse/plugins/fr.ac6.mcu.externaltools.arm-none.macos64_1.17.0.201812190825/tools/compiler/bin/../lib/gcc/arm-none-eabi/7.3.1/thumb/v6-m/libgcc.a(_clzsi2.o)
                0x00000000080018d0                __clzsi2
 .text          0x000000000800190c       0x54 /Applications/Ac6/SystemWorkbench.app/Contents/Eclipse/plugins/fr.ac6.mcu.externaltools.arm-none.macos64_1.17.0.201812190825/tools/compiler/bin/../lib/gcc/arm-none-eabi/7.3.1/thumb/v6-m/libgcc.a(_muldi3.o)
                0x000000000800190c                __aeabi_lmul
                0x000000000800190c                __muldi3
 *(.text*)
 .text.setup_adc
                0x0000000008001960       0x70 src/bounce.o
                0x0000000008001960                setup_adc
 .text.start_adc_channel
                0x00000000080019d0       0x48 src/bounce.o
                0x00000000080019d0                start_adc_channel
 .text.read_adc
                0x0000000008001a18       0x14 src/bounce.o
                0x0000000008001a18                read_adc
 .text.init     0x0000000008001a2c       0x28 src/bounce.o
                0x0000000008001a2c                init
 .text.show_digit
                0x0000000008001a54       0xc8 src/bounce.o
                0x0000000008001a54                show_digit
 .text.setup_tim17
                0x0000000008001b1c       0x54 src/bounce.o
                0x0000000008001b1c                setup_tim17
 .text.get_cols
                0x0000000008001b70       0x20 src/bounce.o
                0x0000000008001b70                get_cols
 .text.setup_portb
                0x0000000008001b90      0x170 src/bounce.o
                0x0000000008001b90                setup_portb
 .text.check_key
                0x0000000008001d00       0x2c src/bounce.o
                0x0000000008001d00                check_key
 .text.setup_spi1
                0x0000000008001d2c      0x134 src/bounce.o
                0x0000000008001d2c                setup_spi1
 .text.pic_subset
                0x0000000008001e60       0xa6 src/bounce.o
                0x0000000008001e60                pic_subset
 .text.pic_overlay
                0x0000000008001f06       0xc0 src/bounce.o
                0x0000000008001f06                pic_overlay
 *fill*         0x0000000008001fc6        0x2 
 .text.perturb  0x0000000008001fc8      0x218 src/bounce.o
                0x0000000008001fc8                perturb
 .text.TIM17_IRQHandler
                0x00000000080021e0      0x4a0 src/bounce.o
                0x00000000080021e0                TIM17_IRQHandler
 .text.TIM7_IRQHandler
                0x0000000008002680       0x2c src/bounce.o
                0x0000000008002680                TIM7_IRQHandler
 .text.setup_tim7
                0x00000000080026ac       0x5c src/bounce.o
                0x00000000080026ac                setup_tim7
 .text.main     0x0000000008002708      0x144 src/bounce.o
                0x0000000008002708                main
 .text.nano_wait
                0x000000000800284c       0x18 src/lcd.o
                0x000000000800284c                nano_wait
 .text.LCD_Reset
                0x0000000008002864       0x34 src/lcd.o
                0x0000000008002864                LCD_Reset
 .text.LCD_WR_REG
                0x0000000008002898       0x3c src/lcd.o
                0x0000000008002898                LCD_WR_REG
 .text.LCD_WR_DATA
                0x00000000080028d4       0x3c src/lcd.o
                0x00000000080028d4                LCD_WR_DATA
 .text.LCD_WriteData16_Prepare
                0x0000000008002910       0x28 src/lcd.o
                0x0000000008002910                LCD_WriteData16_Prepare
 .text.LCD_WriteData16
                0x0000000008002938       0x30 src/lcd.o
                0x0000000008002938                LCD_WriteData16
 .text.LCD_WriteData16_End
                0x0000000008002968       0x24 src/lcd.o
                0x0000000008002968                LCD_WriteData16_End
 .text.LCD_WriteReg
                0x000000000800298c       0x30 src/lcd.o
                0x000000000800298c                LCD_WriteReg
 .text.LCD_WriteRAM_Prepare
                0x00000000080029bc       0x1c src/lcd.o
                0x00000000080029bc                LCD_WriteRAM_Prepare
 .text.LCD_direction
                0x00000000080029d8       0xa4 src/lcd.o
                0x00000000080029d8                LCD_direction
 .text.LCD_Init
                0x0000000008002a7c      0x244 src/lcd.o
                0x0000000008002a7c                LCD_Init
 .text.LCD_SetWindow
                0x0000000008002cc0       0xc0 src/lcd.o
                0x0000000008002cc0                LCD_SetWindow
 .text.LCD_DrawPicture
                0x0000000008002d80       0xfc src/lcd.o
                0x0000000008002d80                LCD_DrawPicture
 .text.SystemInit
                0x0000000008002e7c       0x8c src/system_stm32f0xx.o
                0x0000000008002e7c                SystemInit
 .text.SetSysClock
                0x0000000008002f08       0xe0 src/system_stm32f0xx.o
 .text.Reset_Handler
                0x0000000008002fe8       0x50 startup/startup_stm32.o
                0x0000000008002fe8                Reset_Handler
 .text.Default_Handler
                0x0000000008003038        0x2 startup/startup_stm32.o
                0x0000000008003038                TIM1_BRK_UP_TRG_COM_IRQHandler
                0x0000000008003038                TIM1_CC_IRQHandler
                0x0000000008003038                TSC_IRQHandler
                0x0000000008003038                HardFault_Handler
                0x0000000008003038                SysTick_Handler
                0x0000000008003038                PVD_IRQHandler
                0x0000000008003038                PendSV_Handler
                0x0000000008003038                NMI_Handler
                0x0000000008003038                I2C1_IRQHandler
                0x0000000008003038                RCC_CRS_IRQHandler
                0x0000000008003038                SPI1_IRQHandler
                0x0000000008003038                TIM6_DAC_IRQHandler
                0x0000000008003038                EXTI2_3_IRQHandler
                0x0000000008003038                I2C2_IRQHandler
                0x0000000008003038                CEC_CAN_IRQHandler
                0x0000000008003038                RTC_IRQHandler
                0x0000000008003038                TIM16_IRQHandler
                0x0000000008003038                TIM3_IRQHandler
                0x0000000008003038                EXTI4_15_IRQHandler
                0x0000000008003038                Default_Handler
                0x0000000008003038                DMA1_CH2_3_DMA2_CH1_2_IRQHandler
                0x0000000008003038                TIM14_IRQHandler
                0x0000000008003038                TIM15_IRQHandler
                0x0000000008003038                EXTI0_1_IRQHandler
                0x0000000008003038                USB_IRQHandler
                0x0000000008003038                SPI2_IRQHandler
                0x0000000008003038                DMA1_CH1_IRQHandler
                0x0000000008003038                SVC_Handler
                0x0000000008003038                WWDG_IRQHandler
                0x0000000008003038                TIM2_IRQHandler
                0x0000000008003038                ADC_COMP_IRQHandler
                0x0000000008003038                USART2_IRQHandler
                0x0000000008003038                USART3_4_5_6_7_8_IRQHandler
                0x0000000008003038                FLASH_IRQHandler
                0x0000000008003038                USART1_IRQHandler
                0x0000000008003038                DMA1_CH4_5_6_7_DMA2_CH3_4_5_IRQHandler
 *fill*         0x000000000800303a        0x2 
 .text.trunc    0x000000000800303c       0x5c /Applications/Ac6/SystemWorkbench.app/Contents/Eclipse/plugins/fr.ac6.mcu.externaltools.arm-none.macos64_1.17.0.201812190825/tools/compiler/bin/../lib/gcc/arm-none-eabi/7.3.1/../../../../arm-none-eabi/lib/thumb/v6-m/libm.a(lib_a-s_trunc.o)
                0x000000000800303c                trunc
 .text.__libc_init_array
                0x0000000008003098       0x48 /Applications/Ac6/SystemWorkbench.app/Contents/Eclipse/plugins/fr.ac6.mcu.externaltools.arm-none.macos64_1.17.0.201812190825/tools/compiler/bin/../lib/gcc/arm-none-eabi/7.3.1/../../../../arm-none-eabi/lib/thumb/v6-m/libc.a(lib_a-init.o)
                0x0000000008003098                __libc_init_array
 .text.memset   0x00000000080030e0       0x9c /Applications/Ac6/SystemWorkbench.app/Contents/Eclipse/plugins/fr.ac6.mcu.externaltools.arm-none.macos64_1.17.0.201812190825/tools/compiler/bin/../lib/gcc/arm-none-eabi/7.3.1/../../../../arm-none-eabi/lib/thumb/v6-m/libc.a(lib_a-memset.o)
                0x00000000080030e0                memset
 .text.random   0x000000000800317c       0x34 /Applications/Ac6/SystemWorkbench.app/Contents/Eclipse/plugins/fr.ac6.mcu.externaltools.arm-none.macos64_1.17.0.201812190825/tools/compiler/bin/../lib/gcc/arm-none-eabi/7.3.1/../../../../arm-none-eabi/lib/thumb/v6-m/libc.a(lib_a-random.o)
                0x000000000800317c                random
 .text.startup.register_fini
                0x00000000080031b0       0x18 /Applications/Ac6/SystemWorkbench.app/Contents/Eclipse/plugins/fr.ac6.mcu.externaltools.arm-none.macos64_1.17.0.201812190825/tools/compiler/bin/../lib/gcc/arm-none-eabi/7.3.1/../../../../arm-none-eabi/lib/thumb/v6-m/libc.a(lib_a-__call_atexit.o)
 .text.atexit   0x00000000080031c8       0x10 /Applications/Ac6/SystemWorkbench.app/Contents/Eclipse/plugins/fr.ac6.mcu.externaltools.arm-none.macos64_1.17.0.201812190825/tools/compiler/bin/../lib/gcc/arm-none-eabi/7.3.1/../../../../arm-none-eabi/lib/thumb/v6-m/libc.a(lib_a-atexit.o)
                0x00000000080031c8                atexit
 .text.__libc_fini_array
                0x00000000080031d8       0x34 /Applications/Ac6/SystemWorkbench.app/Contents/Eclipse/plugins/fr.ac6.mcu.externaltools.arm-none.macos64_1.17.0.201812190825/tools/compiler/bin/../lib/gcc/arm-none-eabi/7.3.1/../../../../arm-none-eabi/lib/thumb/v6-m/libc.a(lib_a-fini.o)
                0x00000000080031d8                __libc_fini_array
 .text.__retarget_lock_acquire_recursive
                0x000000000800320c        0x4 /Applications/Ac6/SystemWorkbench.app/Contents/Eclipse/plugins/fr.ac6.mcu.externaltools.arm-none.macos64_1.17.0.201812190825/tools/compiler/bin/../lib/gcc/arm-none-eabi/7.3.1/../../../../arm-none-eabi/lib/thumb/v6-m/libc.a(lib_a-lock.o)
                0x000000000800320c                __retarget_lock_acquire_recursive
 .text.__retarget_lock_release_recursive
                0x0000000008003210        0x4 /Applications/Ac6/SystemWorkbench.app/Contents/Eclipse/plugins/fr.ac6.mcu.externaltools.arm-none.macos64_1.17.0.201812190825/tools/compiler/bin/../lib/gcc/arm-none-eabi/7.3.1/../../../../arm-none-eabi/lib/thumb/v6-m/libc.a(lib_a-lock.o)
                0x0000000008003210                __retarget_lock_release_recursive
 .text.__register_exitproc
                0x0000000008003214       0xf4 /Applications/Ac6/SystemWorkbench.app/Contents/Eclipse/plugins/fr.ac6.mcu.externaltools.arm-none.macos64_1.17.0.201812190825/tools/compiler/bin/../lib/gcc/arm-none-eabi/7.3.1/../../../../arm-none-eabi/lib/thumb/v6-m/libc.a(lib_a-__atexit.o)
                0x0000000008003214                __register_exitproc
 *(.glue_7)
 .glue_7        0x0000000008003308        0x0 linker stubs
 *(.glue_7t)
 .glue_7t       0x0000000008003308        0x0 linker stubs
 *(.eh_frame)
 .eh_frame      0x0000000008003308        0x0 /Applications/Ac6/SystemWorkbench.app/Contents/Eclipse/plugins/fr.ac6.mcu.externaltools.arm-none.macos64_1.17.0.201812190825/tools/compiler/bin/../lib/gcc/arm-none-eabi/7.3.1/thumb/v6-m/crtbegin.o
 *(.init)
 .init          0x0000000008003308        0x4 /Applications/Ac6/SystemWorkbench.app/Contents/Eclipse/plugins/fr.ac6.mcu.externaltools.arm-none.macos64_1.17.0.201812190825/tools/compiler/bin/../lib/gcc/arm-none-eabi/7.3.1/thumb/v6-m/crti.o
                0x0000000008003308                _init
 .init          0x000000000800330c        0x8 /Applications/Ac6/SystemWorkbench.app/Contents/Eclipse/plugins/fr.ac6.mcu.externaltools.arm-none.macos64_1.17.0.201812190825/tools/compiler/bin/../lib/gcc/arm-none-eabi/7.3.1/thumb/v6-m/crtn.o
 *(.fini)
 .fini          0x0000000008003314        0x4 /Applications/Ac6/SystemWorkbench.app/Contents/Eclipse/plugins/fr.ac6.mcu.externaltools.arm-none.macos64_1.17.0.201812190825/tools/compiler/bin/../lib/gcc/arm-none-eabi/7.3.1/thumb/v6-m/crti.o
                0x0000000008003314                _fini
 .fini          0x0000000008003318        0x8 /Applications/Ac6/SystemWorkbench.app/Contents/Eclipse/plugins/fr.ac6.mcu.externaltools.arm-none.macos64_1.17.0.201812190825/tools/compiler/bin/../lib/gcc/arm-none-eabi/7.3.1/thumb/v6-m/crtn.o
                0x0000000008003320                . = ALIGN (0x4)
                0x0000000008003320                _etext = .

.vfp11_veneer   0x0000000008003320        0x0
 .vfp11_veneer  0x0000000008003320        0x0 linker stubs

.v4_bx          0x0000000008003320        0x0
 .v4_bx         0x0000000008003320        0x0 linker stubs

.iplt           0x0000000008003320        0x0
 .iplt          0x0000000008003320        0x0 /Applications/Ac6/SystemWorkbench.app/Contents/Eclipse/plugins/fr.ac6.mcu.externaltools.arm-none.macos64_1.17.0.201812190825/tools/compiler/bin/../lib/gcc/arm-none-eabi/7.3.1/thumb/v6-m/crtbegin.o

.rodata         0x0000000008003320    0x25d78
                0x0000000008003320                . = ALIGN (0x4)
 *(.rodata)
 .rodata        0x0000000008003320    0x25810 src/background.o
                0x0000000008003320                background
 .rodata        0x0000000008028b30      0x2e0 src/ball.o
                0x0000000008028b30                ball
 .rodata        0x0000000008028e10      0x204 src/paddle.o
                0x0000000008028e10                paddle
 .rodata        0x0000000008029014       0x40 /Applications/Ac6/SystemWorkbench.app/Contents/Eclipse/plugins/fr.ac6.mcu.externaltools.arm-none.macos64_1.17.0.201812190825/tools/compiler/bin/../lib/gcc/arm-none-eabi/7.3.1/thumb/v6-m/libgcc.a(divdf3.o)
 .rodata        0x0000000008029054       0x40 /Applications/Ac6/SystemWorkbench.app/Contents/Eclipse/plugins/fr.ac6.mcu.externaltools.arm-none.macos64_1.17.0.201812190825/tools/compiler/bin/../lib/gcc/arm-none-eabi/7.3.1/thumb/v6-m/libgcc.a(muldf3.o)
 *(.rodata*)
 .rodata._global_impure_ptr
                0x0000000008029094        0x4 /Applications/Ac6/SystemWorkbench.app/Contents/Eclipse/plugins/fr.ac6.mcu.externaltools.arm-none.macos64_1.17.0.201812190825/tools/compiler/bin/../lib/gcc/arm-none-eabi/7.3.1/../../../../arm-none-eabi/lib/thumb/v6-m/libc.a(lib_a-impure.o)
                0x0000000008029094                _global_impure_ptr
                0x0000000008029098                . = ALIGN (0x4)

.rel.dyn        0x0000000008029098        0x0
 .rel.iplt      0x0000000008029098        0x0 /Applications/Ac6/SystemWorkbench.app/Contents/Eclipse/plugins/fr.ac6.mcu.externaltools.arm-none.macos64_1.17.0.201812190825/tools/compiler/bin/../lib/gcc/arm-none-eabi/7.3.1/thumb/v6-m/crtbegin.o

.ARM.extab      0x0000000008029098        0x0
                0x0000000008029098                . = ALIGN (0x4)
 *(.ARM.extab* .gnu.linkonce.armextab.*)
                0x0000000008029098                . = ALIGN (0x4)

.ARM            0x0000000008029098        0x0
                0x0000000008029098                . = ALIGN (0x4)
                0x0000000008029098                __exidx_start = .
 *(.ARM.exidx*)
                0x0000000008029098                __exidx_end = .
                0x0000000008029098                . = ALIGN (0x4)

.preinit_array  0x0000000008029098        0x0
                0x0000000008029098                . = ALIGN (0x4)
                0x0000000008029098                PROVIDE (__preinit_array_start = .)
 *(.preinit_array*)
                0x0000000008029098                PROVIDE (__preinit_array_end = .)
                0x0000000008029098                . = ALIGN (0x4)

.init_array     0x0000000008029098        0x8
                0x0000000008029098                . = ALIGN (0x4)
                0x0000000008029098                PROVIDE (__init_array_start = .)
 *(SORT_BY_NAME(.init_array.*))
 .init_array.00000
                0x0000000008029098        0x4 /Applications/Ac6/SystemWorkbench.app/Contents/Eclipse/plugins/fr.ac6.mcu.externaltools.arm-none.macos64_1.17.0.201812190825/tools/compiler/bin/../lib/gcc/arm-none-eabi/7.3.1/../../../../arm-none-eabi/lib/thumb/v6-m/libc.a(lib_a-__call_atexit.o)
 *(.init_array*)
 .init_array    0x000000000802909c        0x4 /Applications/Ac6/SystemWorkbench.app/Contents/Eclipse/plugins/fr.ac6.mcu.externaltools.arm-none.macos64_1.17.0.201812190825/tools/compiler/bin/../lib/gcc/arm-none-eabi/7.3.1/thumb/v6-m/crtbegin.o
                0x00000000080290a0                PROVIDE (__init_array_end = .)
                0x00000000080290a0                . = ALIGN (0x4)

.fini_array     0x00000000080290a0        0x4
                0x00000000080290a0                . = ALIGN (0x4)
                0x00000000080290a0                PROVIDE (__fini_array_start = .)
 *(SORT_BY_NAME(.fini_array.*))
 *(.fini_array*)
 .fini_array    0x00000000080290a0        0x4 /Applications/Ac6/SystemWorkbench.app/Contents/Eclipse/plugins/fr.ac6.mcu.externaltools.arm-none.macos64_1.17.0.201812190825/tools/compiler/bin/../lib/gcc/arm-none-eabi/7.3.1/thumb/v6-m/crtbegin.o
                0x00000000080290a4                PROVIDE (__fini_array_end = .)
                0x00000000080290a4                . = ALIGN (0x4)
                0x00000000080290a4                _sidata = LOADADDR (.data)

.data           0x0000000020000000      0xb04 load address 0x00000000080290a4
                0x0000000020000000                . = ALIGN (0x4)
                0x0000000020000000                _sdata = .
 *(.data)
 .data          0x0000000020000000      0x6d0 src/bounce.o
                0x0000000020000000                display
                0x0000000020000028                object
 *(.data*)
 .data._impure_ptr
                0x00000000200006d0        0x4 /Applications/Ac6/SystemWorkbench.app/Contents/Eclipse/plugins/fr.ac6.mcu.externaltools.arm-none.macos64_1.17.0.201812190825/tools/compiler/bin/../lib/gcc/arm-none-eabi/7.3.1/../../../../arm-none-eabi/lib/thumb/v6-m/libc.a(lib_a-impure.o)
                0x00000000200006d0                _impure_ptr
 *fill*         0x00000000200006d4        0x4 
 .data.impure_data
                0x00000000200006d8      0x428 /Applications/Ac6/SystemWorkbench.app/Contents/Eclipse/plugins/fr.ac6.mcu.externaltools.arm-none.macos64_1.17.0.201812190825/tools/compiler/bin/../lib/gcc/arm-none-eabi/7.3.1/../../../../arm-none-eabi/lib/thumb/v6-m/libc.a(lib_a-impure.o)
 .data.__atexit_recursive_mutex
                0x0000000020000b00        0x4 /Applications/Ac6/SystemWorkbench.app/Contents/Eclipse/plugins/fr.ac6.mcu.externaltools.arm-none.macos64_1.17.0.201812190825/tools/compiler/bin/../lib/gcc/arm-none-eabi/7.3.1/../../../../arm-none-eabi/lib/thumb/v6-m/libc.a(lib_a-__call_atexit.o)
                0x0000000020000b00                __atexit_recursive_mutex
                0x0000000020000b04                . = ALIGN (0x4)
                0x0000000020000b04                _edata = .

.igot.plt       0x0000000020000b04        0x0 load address 0x0000000008029ba8
 .igot.plt      0x0000000020000b04        0x0 /Applications/Ac6/SystemWorkbench.app/Contents/Eclipse/plugins/fr.ac6.mcu.externaltools.arm-none.macos64_1.17.0.201812190825/tools/compiler/bin/../lib/gcc/arm-none-eabi/7.3.1/thumb/v6-m/crtbegin.o
                0x0000000020000b04                . = ALIGN (0x4)

.bss            0x0000000020000b04       0x98 load address 0x0000000008029ba8
                0x0000000020000b04                _sbss = .
                0x0000000020000b04                __bss_start__ = _sbss
 *(.bss)
 .bss           0x0000000020000b04       0x1c /Applications/Ac6/SystemWorkbench.app/Contents/Eclipse/plugins/fr.ac6.mcu.externaltools.arm-none.macos64_1.17.0.201812190825/tools/compiler/bin/../lib/gcc/arm-none-eabi/7.3.1/thumb/v6-m/crtbegin.o
 .bss           0x0000000020000b20       0x20 src/bounce.o
                0x0000000020000b20                i
                0x0000000020000b24                j
                0x0000000020000b28                dig
                0x0000000020000b2c                speedfac
                0x0000000020000b30                counter
                0x0000000020000b34                sample
                0x0000000020000b38                level
                0x0000000020000b3c                score
 *(.bss*)
 *(COMMON)
 COMMON         0x0000000020000b40       0x28 src/bounce.o
                0x0000000020000b40                xmin
                0x0000000020000b44                x
                0x0000000020000b48                newpx
                0x0000000020000b4c                xmax
                0x0000000020000b50                vx
                0x0000000020000b54                vy
                0x0000000020000b58                y
                0x0000000020000b5c                px
                0x0000000020000b60                ymin
                0x0000000020000b64                ymax
 COMMON         0x0000000020000b68        0xe src/lcd.o
                0x0000000020000b68                lcddev
 *fill*         0x0000000020000b76        0x2 
 COMMON         0x0000000020000b78       0x21 /Applications/Ac6/SystemWorkbench.app/Contents/Eclipse/plugins/fr.ac6.mcu.externaltools.arm-none.macos64_1.17.0.201812190825/tools/compiler/bin/../lib/gcc/arm-none-eabi/7.3.1/../../../../arm-none-eabi/lib/thumb/v6-m/libc.a(lib_a-lock.o)
                0x0000000020000b78                __lock___atexit_recursive_mutex
                0x0000000020000b7c                __lock___arc4random_mutex
                0x0000000020000b80                __lock___env_recursive_mutex
                0x0000000020000b84                __lock___sinit_recursive_mutex
                0x0000000020000b88                __lock___malloc_recursive_mutex
                0x0000000020000b8c                __lock___at_quick_exit_mutex
                0x0000000020000b90                __lock___dd_hash_mutex
                0x0000000020000b94                __lock___tz_mutex
                0x0000000020000b98                __lock___sfp_recursive_mutex
                0x0000000020000b9c                . = ALIGN (0x4)
 *fill*         0x0000000020000b99        0x3 
                0x0000000020000b9c                _ebss = .
                0x0000000020000b9c                __bss_end__ = _ebss

._user_heap_stack
                0x0000000020000b9c      0x404 load address 0x0000000008029ba8
                0x0000000020000ba0                . = ALIGN (0x8)
 *fill*         0x0000000020000b9c        0x4 
                0x0000000020000ba0                PROVIDE (end = .)
                [!provide]                        PROVIDE (_end = .)
                0x0000000020000ba0                . = (. + _Min_Heap_Size)
                0x0000000020000fa0                . = (. + _Min_Stack_Size)
 *fill*         0x0000000020000ba0      0x400 
                0x0000000020000fa0                . = ALIGN (0x8)

/DISCARD/
 libc.a(*)
 libm.a(*)
 libgcc.a(*)

.ARM.attributes
                0x0000000000000000       0x28
 *(.ARM.attributes)
 .ARM.attributes
                0x0000000000000000       0x1e /Applications/Ac6/SystemWorkbench.app/Contents/Eclipse/plugins/fr.ac6.mcu.externaltools.arm-none.macos64_1.17.0.201812190825/tools/compiler/bin/../lib/gcc/arm-none-eabi/7.3.1/thumb/v6-m/crti.o
 .ARM.attributes
                0x000000000000001e       0x2c /Applications/Ac6/SystemWorkbench.app/Contents/Eclipse/plugins/fr.ac6.mcu.externaltools.arm-none.macos64_1.17.0.201812190825/tools/compiler/bin/../lib/gcc/arm-none-eabi/7.3.1/thumb/v6-m/crtbegin.o
 .ARM.attributes
                0x000000000000004a       0x31 src/background.o
 .ARM.attributes
                0x000000000000007b       0x31 src/ball.o
 .ARM.attributes
                0x00000000000000ac       0x31 src/bounce.o
 .ARM.attributes
                0x00000000000000dd       0x31 src/lcd.o
 .ARM.attributes
                0x000000000000010e       0x31 src/paddle.o
 .ARM.attributes
                0x000000000000013f       0x31 src/system_stm32f0xx.o
 .ARM.attributes
                0x0000000000000170       0x21 startup/startup_stm32.o
 .ARM.attributes
                0x0000000000000191       0x2c /Applications/Ac6/SystemWorkbench.app/Contents/Eclipse/plugins/fr.ac6.mcu.externaltools.arm-none.macos64_1.17.0.201812190825/tools/compiler/bin/../lib/gcc/arm-none-eabi/7.3.1/../../../../arm-none-eabi/lib/thumb/v6-m/libm.a(lib_a-s_trunc.o)
 .ARM.attributes
                0x00000000000001bd       0x1e /Applications/Ac6/SystemWorkbench.app/Contents/Eclipse/plugins/fr.ac6.mcu.externaltools.arm-none.macos64_1.17.0.201812190825/tools/compiler/bin/../lib/gcc/arm-none-eabi/7.3.1/thumb/v6-m/libgcc.a(_udivsi3.o)
 .ARM.attributes
                0x00000000000001db       0x1e /Applications/Ac6/SystemWorkbench.app/Contents/Eclipse/plugins/fr.ac6.mcu.externaltools.arm-none.macos64_1.17.0.201812190825/tools/compiler/bin/../lib/gcc/arm-none-eabi/7.3.1/thumb/v6-m/libgcc.a(_divsi3.o)
 .ARM.attributes
                0x00000000000001f9       0x1e /Applications/Ac6/SystemWorkbench.app/Contents/Eclipse/plugins/fr.ac6.mcu.externaltools.arm-none.macos64_1.17.0.201812190825/tools/compiler/bin/../lib/gcc/arm-none-eabi/7.3.1/thumb/v6-m/libgcc.a(_dvmd_tls.o)
 .ARM.attributes
                0x0000000000000217       0x1e /Applications/Ac6/SystemWorkbench.app/Contents/Eclipse/plugins/fr.ac6.mcu.externaltools.arm-none.macos64_1.17.0.201812190825/tools/compiler/bin/../lib/gcc/arm-none-eabi/7.3.1/thumb/v6-m/libgcc.a(_arm_cmpsf2.o)
 .ARM.attributes
                0x0000000000000235       0x2c /Applications/Ac6/SystemWorkbench.app/Contents/Eclipse/plugins/fr.ac6.mcu.externaltools.arm-none.macos64_1.17.0.201812190825/tools/compiler/bin/../lib/gcc/arm-none-eabi/7.3.1/thumb/v6-m/libgcc.a(eqsf2.o)
 .ARM.attributes
                0x0000000000000261       0x2c /Applications/Ac6/SystemWorkbench.app/Contents/Eclipse/plugins/fr.ac6.mcu.externaltools.arm-none.macos64_1.17.0.201812190825/tools/compiler/bin/../lib/gcc/arm-none-eabi/7.3.1/thumb/v6-m/libgcc.a(gesf2.o)
 .ARM.attributes
                0x000000000000028d       0x2c /Applications/Ac6/SystemWorkbench.app/Contents/Eclipse/plugins/fr.ac6.mcu.externaltools.arm-none.macos64_1.17.0.201812190825/tools/compiler/bin/../lib/gcc/arm-none-eabi/7.3.1/thumb/v6-m/libgcc.a(lesf2.o)
 .ARM.attributes
                0x00000000000002b9       0x2c /Applications/Ac6/SystemWorkbench.app/Contents/Eclipse/plugins/fr.ac6.mcu.externaltools.arm-none.macos64_1.17.0.201812190825/tools/compiler/bin/../lib/gcc/arm-none-eabi/7.3.1/thumb/v6-m/libgcc.a(fixsfsi.o)
 .ARM.attributes
                0x00000000000002e5       0x2c /Applications/Ac6/SystemWorkbench.app/Contents/Eclipse/plugins/fr.ac6.mcu.externaltools.arm-none.macos64_1.17.0.201812190825/tools/compiler/bin/../lib/gcc/arm-none-eabi/7.3.1/thumb/v6-m/libgcc.a(adddf3.o)
 .ARM.attributes
                0x0000000000000311       0x2c /Applications/Ac6/SystemWorkbench.app/Contents/Eclipse/plugins/fr.ac6.mcu.externaltools.arm-none.macos64_1.17.0.201812190825/tools/compiler/bin/../lib/gcc/arm-none-eabi/7.3.1/thumb/v6-m/libgcc.a(divdf3.o)
 .ARM.attributes
                0x000000000000033d       0x2c /Applications/Ac6/SystemWorkbench.app/Contents/Eclipse/plugins/fr.ac6.mcu.externaltools.arm-none.macos64_1.17.0.201812190825/tools/compiler/bin/../lib/gcc/arm-none-eabi/7.3.1/thumb/v6-m/libgcc.a(muldf3.o)
 .ARM.attributes
                0x0000000000000369       0x2c /Applications/Ac6/SystemWorkbench.app/Contents/Eclipse/plugins/fr.ac6.mcu.externaltools.arm-none.macos64_1.17.0.201812190825/tools/compiler/bin/../lib/gcc/arm-none-eabi/7.3.1/thumb/v6-m/libgcc.a(floatsidf.o)
 .ARM.attributes
                0x0000000000000395       0x2c /Applications/Ac6/SystemWorkbench.app/Contents/Eclipse/plugins/fr.ac6.mcu.externaltools.arm-none.macos64_1.17.0.201812190825/tools/compiler/bin/../lib/gcc/arm-none-eabi/7.3.1/thumb/v6-m/libgcc.a(truncdfsf2.o)
 .ARM.attributes
                0x00000000000003c1       0x1e /Applications/Ac6/SystemWorkbench.app/Contents/Eclipse/plugins/fr.ac6.mcu.externaltools.arm-none.macos64_1.17.0.201812190825/tools/compiler/bin/../lib/gcc/arm-none-eabi/7.3.1/thumb/v6-m/libgcc.a(_clzsi2.o)
 .ARM.attributes
                0x00000000000003df       0x2c /Applications/Ac6/SystemWorkbench.app/Contents/Eclipse/plugins/fr.ac6.mcu.externaltools.arm-none.macos64_1.17.0.201812190825/tools/compiler/bin/../lib/gcc/arm-none-eabi/7.3.1/../../../../arm-none-eabi/lib/thumb/v6-m/libc.a(lib_a-impure.o)
 .ARM.attributes
                0x000000000000040b       0x2c /Applications/Ac6/SystemWorkbench.app/Contents/Eclipse/plugins/fr.ac6.mcu.externaltools.arm-none.macos64_1.17.0.201812190825/tools/compiler/bin/../lib/gcc/arm-none-eabi/7.3.1/../../../../arm-none-eabi/lib/thumb/v6-m/libc.a(lib_a-init.o)
 .ARM.attributes
                0x0000000000000437       0x2c /Applications/Ac6/SystemWorkbench.app/Contents/Eclipse/plugins/fr.ac6.mcu.externaltools.arm-none.macos64_1.17.0.201812190825/tools/compiler/bin/../lib/gcc/arm-none-eabi/7.3.1/../../../../arm-none-eabi/lib/thumb/v6-m/libc.a(lib_a-memset.o)
 .ARM.attributes
                0x0000000000000463       0x2c /Applications/Ac6/SystemWorkbench.app/Contents/Eclipse/plugins/fr.ac6.mcu.externaltools.arm-none.macos64_1.17.0.201812190825/tools/compiler/bin/../lib/gcc/arm-none-eabi/7.3.1/../../../../arm-none-eabi/lib/thumb/v6-m/libc.a(lib_a-random.o)
 .ARM.attributes
                0x000000000000048f       0x2c /Applications/Ac6/SystemWorkbench.app/Contents/Eclipse/plugins/fr.ac6.mcu.externaltools.arm-none.macos64_1.17.0.201812190825/tools/compiler/bin/../lib/gcc/arm-none-eabi/7.3.1/../../../../arm-none-eabi/lib/thumb/v6-m/libc.a(lib_a-__call_atexit.o)
 .ARM.attributes
                0x00000000000004bb       0x2c /Applications/Ac6/SystemWorkbench.app/Contents/Eclipse/plugins/fr.ac6.mcu.externaltools.arm-none.macos64_1.17.0.201812190825/tools/compiler/bin/../lib/gcc/arm-none-eabi/7.3.1/../../../../arm-none-eabi/lib/thumb/v6-m/libc.a(lib_a-atexit.o)
 .ARM.attributes
                0x00000000000004e7       0x2c /Applications/Ac6/SystemWorkbench.app/Contents/Eclipse/plugins/fr.ac6.mcu.externaltools.arm-none.macos64_1.17.0.201812190825/tools/compiler/bin/../lib/gcc/arm-none-eabi/7.3.1/../../../../arm-none-eabi/lib/thumb/v6-m/libc.a(lib_a-fini.o)
 .ARM.attributes
                0x0000000000000513       0x2c /Applications/Ac6/SystemWorkbench.app/Contents/Eclipse/plugins/fr.ac6.mcu.externaltools.arm-none.macos64_1.17.0.201812190825/tools/compiler/bin/../lib/gcc/arm-none-eabi/7.3.1/../../../../arm-none-eabi/lib/thumb/v6-m/libc.a(lib_a-lock.o)
 .ARM.attributes
                0x000000000000053f       0x2c /Applications/Ac6/SystemWorkbench.app/Contents/Eclipse/plugins/fr.ac6.mcu.externaltools.arm-none.macos64_1.17.0.201812190825/tools/compiler/bin/../lib/gcc/arm-none-eabi/7.3.1/../../../../arm-none-eabi/lib/thumb/v6-m/libc.a(lib_a-__atexit.o)
 .ARM.attributes
                0x000000000000056b       0x2c /Applications/Ac6/SystemWorkbench.app/Contents/Eclipse/plugins/fr.ac6.mcu.externaltools.arm-none.macos64_1.17.0.201812190825/tools/compiler/bin/../lib/gcc/arm-none-eabi/7.3.1/thumb/v6-m/libgcc.a(_muldi3.o)
 .ARM.attributes
                0x0000000000000597       0x1e /Applications/Ac6/SystemWorkbench.app/Contents/Eclipse/plugins/fr.ac6.mcu.externaltools.arm-none.macos64_1.17.0.201812190825/tools/compiler/bin/../lib/gcc/arm-none-eabi/7.3.1/thumb/v6-m/crtn.o
OUTPUT(lab_project.elf elf32-littlearm)

.debug_info     0x0000000000000000     0x3106
 .debug_info    0x0000000000000000       0x95 src/background.o
 .debug_info    0x0000000000000095       0x91 src/ball.o
 .debug_info    0x0000000000000126     0x16e4 src/bounce.o
 .debug_info    0x000000000000180a     0x1543 src/lcd.o
 .debug_info    0x0000000000002d4d       0x91 src/paddle.o
 .debug_info    0x0000000000002dde      0x306 src/system_stm32f0xx.o
 .debug_info    0x00000000000030e4       0x22 startup/startup_stm32.o

.debug_abbrev   0x0000000000000000      0x9c2
 .debug_abbrev  0x0000000000000000       0x64 src/background.o
 .debug_abbrev  0x0000000000000064       0x64 src/ball.o
 .debug_abbrev  0x00000000000000c8      0x409 src/bounce.o
 .debug_abbrev  0x00000000000004d1      0x320 src/lcd.o
 .debug_abbrev  0x00000000000007f1       0x64 src/paddle.o
 .debug_abbrev  0x0000000000000855      0x15b src/system_stm32f0xx.o
 .debug_abbrev  0x00000000000009b0       0x12 startup/startup_stm32.o

.debug_aranges  0x0000000000000000      0x230
 .debug_aranges
                0x0000000000000000       0x18 src/background.o
 .debug_aranges
                0x0000000000000018       0x18 src/ball.o
 .debug_aranges
                0x0000000000000030       0xa8 src/bounce.o
 .debug_aranges
                0x00000000000000d8       0xe8 src/lcd.o
 .debug_aranges
                0x00000000000001c0       0x18 src/paddle.o
 .debug_aranges
                0x00000000000001d8       0x30 src/system_stm32f0xx.o
 .debug_aranges
                0x0000000000000208       0x28 startup/startup_stm32.o

.debug_macro    0x0000000000000000     0x1541
 .debug_macro   0x0000000000000000       0x11 src/background.o
 .debug_macro   0x0000000000000011       0x11 src/ball.o
 .debug_macro   0x0000000000000022      0x322 src/bounce.o
 .debug_macro   0x0000000000000344       0x18 src/bounce.o
 .debug_macro   0x000000000000035c       0x5e src/bounce.o
 .debug_macro   0x00000000000003ba       0x35 src/bounce.o
 .debug_macro   0x00000000000003ef       0x34 src/bounce.o
 .debug_macro   0x0000000000000423       0x16 src/bounce.o
 .debug_macro   0x0000000000000439      0x10e src/bounce.o
 .debug_macro   0x0000000000000547       0x8d src/bounce.o
 .debug_macro   0x00000000000005d4       0x58 src/bounce.o
 .debug_macro   0x000000000000062c       0x1f src/bounce.o
 .debug_macro   0x000000000000064b       0x43 src/bounce.o
 .debug_macro   0x000000000000068e       0x20 src/bounce.o
 .debug_macro   0x00000000000006ae      0x18e src/bounce.o
 .debug_macro   0x000000000000083c      0x330 src/bounce.o
 .debug_macro   0x0000000000000b6c       0x16 src/bounce.o
 .debug_macro   0x0000000000000b82       0x29 src/bounce.o
 .debug_macro   0x0000000000000bab       0xa0 src/bounce.o
 .debug_macro   0x0000000000000c4b       0x1c src/bounce.o
 .debug_macro   0x0000000000000c67       0x35 src/bounce.o
 .debug_macro   0x0000000000000c9c       0x10 src/bounce.o
 .debug_macro   0x0000000000000cac       0x10 src/bounce.o
 .debug_macro   0x0000000000000cbc       0x1c src/bounce.o
 .debug_macro   0x0000000000000cd8       0x52 src/bounce.o
 .debug_macro   0x0000000000000d2a       0x40 src/bounce.o
 .debug_macro   0x0000000000000d6a       0x10 src/bounce.o
 .debug_macro   0x0000000000000d7a       0x40 src/bounce.o
 .debug_macro   0x0000000000000dba       0xd7 src/bounce.o
 .debug_macro   0x0000000000000e91       0x1c src/bounce.o
 .debug_macro   0x0000000000000ead       0x3d src/bounce.o
 .debug_macro   0x0000000000000eea       0x16 src/bounce.o
 .debug_macro   0x0000000000000f00      0x16f src/bounce.o
 .debug_macro   0x000000000000106f      0x29e src/lcd.o
 .debug_macro   0x000000000000130d       0x9a src/lcd.o
 .debug_macro   0x00000000000013a7       0x11 src/paddle.o
 .debug_macro   0x00000000000013b8      0x189 src/system_stm32f0xx.o

.debug_line     0x0000000000000000     0x1dae
 .debug_line    0x0000000000000000       0x34 src/background.o
 .debug_line    0x0000000000000034       0x2e src/ball.o
 .debug_line    0x0000000000000062      0xa75 src/bounce.o
 .debug_line    0x0000000000000ad7      0xb69 src/lcd.o
 .debug_line    0x0000000000001640       0x30 src/paddle.o
 .debug_line    0x0000000000001670      0x6c2 src/system_stm32f0xx.o
 .debug_line    0x0000000000001d32       0x7c startup/startup_stm32.o

.debug_str      0x0000000000000000    0x4f444
 .debug_str     0x0000000000000000     0x2c89 src/background.o
                                       0x2ca4 (size before relaxing)
 .debug_str     0x0000000000002c89       0x13 src/ball.o
                                       0x2c98 (size before relaxing)
 .debug_str     0x0000000000002c9c    0x4c336 src/bounce.o
                                      0x4f2b3 (size before relaxing)
 .debug_str     0x000000000004efd2      0x387 src/lcd.o
                                      0x4df16 (size before relaxing)
 .debug_str     0x000000000004f359       0x10 src/paddle.o
                                       0x2c9c (size before relaxing)
 .debug_str     0x000000000004f369       0xb2 src/system_stm32f0xx.o
                                      0x4aa9d (size before relaxing)
 .debug_str     0x000000000004f41b       0x29 startup/startup_stm32.o
                                         0x63 (size before relaxing)

.comment        0x0000000000000000       0x7f
 .comment       0x0000000000000000       0x7f src/background.o
                                         0x80 (size before relaxing)
 .comment       0x000000000000007f       0x80 src/ball.o
 .comment       0x000000000000007f       0x80 src/bounce.o
 .comment       0x000000000000007f       0x80 src/lcd.o
 .comment       0x000000000000007f       0x80 src/paddle.o
 .comment       0x000000000000007f       0x80 src/system_stm32f0xx.o

.debug_ranges   0x0000000000000000      0x1b0
 .debug_ranges  0x0000000000000000       0x98 src/bounce.o
 .debug_ranges  0x0000000000000098       0xd8 src/lcd.o
 .debug_ranges  0x0000000000000170       0x20 src/system_stm32f0xx.o
 .debug_ranges  0x0000000000000190       0x20 startup/startup_stm32.o

.debug_frame    0x0000000000000000      0xa80
 .debug_frame   0x0000000000000000      0x234 src/bounce.o
 .debug_frame   0x0000000000000234      0x368 src/lcd.o
 .debug_frame   0x000000000000059c       0x6c src/system_stm32f0xx.o
 .debug_frame   0x0000000000000608       0x2c /Applications/Ac6/SystemWorkbench.app/Contents/Eclipse/plugins/fr.ac6.mcu.externaltools.arm-none.macos64_1.17.0.201812190825/tools/compiler/bin/../lib/gcc/arm-none-eabi/7.3.1/../../../../arm-none-eabi/lib/thumb/v6-m/libm.a(lib_a-s_trunc.o)
 .debug_frame   0x0000000000000634       0x20 /Applications/Ac6/SystemWorkbench.app/Contents/Eclipse/plugins/fr.ac6.mcu.externaltools.arm-none.macos64_1.17.0.201812190825/tools/compiler/bin/../lib/gcc/arm-none-eabi/7.3.1/thumb/v6-m/libgcc.a(_udivsi3.o)
 .debug_frame   0x0000000000000654       0x20 /Applications/Ac6/SystemWorkbench.app/Contents/Eclipse/plugins/fr.ac6.mcu.externaltools.arm-none.macos64_1.17.0.201812190825/tools/compiler/bin/../lib/gcc/arm-none-eabi/7.3.1/thumb/v6-m/libgcc.a(_divsi3.o)
 .debug_frame   0x0000000000000674       0x2c /Applications/Ac6/SystemWorkbench.app/Contents/Eclipse/plugins/fr.ac6.mcu.externaltools.arm-none.macos64_1.17.0.201812190825/tools/compiler/bin/../lib/gcc/arm-none-eabi/7.3.1/thumb/v6-m/libgcc.a(eqsf2.o)
 .debug_frame   0x00000000000006a0       0x2c /Applications/Ac6/SystemWorkbench.app/Contents/Eclipse/plugins/fr.ac6.mcu.externaltools.arm-none.macos64_1.17.0.201812190825/tools/compiler/bin/../lib/gcc/arm-none-eabi/7.3.1/thumb/v6-m/libgcc.a(gesf2.o)
 .debug_frame   0x00000000000006cc       0x2c /Applications/Ac6/SystemWorkbench.app/Contents/Eclipse/plugins/fr.ac6.mcu.externaltools.arm-none.macos64_1.17.0.201812190825/tools/compiler/bin/../lib/gcc/arm-none-eabi/7.3.1/thumb/v6-m/libgcc.a(lesf2.o)
 .debug_frame   0x00000000000006f8       0x20 /Applications/Ac6/SystemWorkbench.app/Contents/Eclipse/plugins/fr.ac6.mcu.externaltools.arm-none.macos64_1.17.0.201812190825/tools/compiler/bin/../lib/gcc/arm-none-eabi/7.3.1/thumb/v6-m/libgcc.a(fixsfsi.o)
 .debug_frame   0x0000000000000718       0x38 /Applications/Ac6/SystemWorkbench.app/Contents/Eclipse/plugins/fr.ac6.mcu.externaltools.arm-none.macos64_1.17.0.201812190825/tools/compiler/bin/../lib/gcc/arm-none-eabi/7.3.1/thumb/v6-m/libgcc.a(adddf3.o)
 .debug_frame   0x0000000000000750       0x3c /Applications/Ac6/SystemWorkbench.app/Contents/Eclipse/plugins/fr.ac6.mcu.externaltools.arm-none.macos64_1.17.0.201812190825/tools/compiler/bin/../lib/gcc/arm-none-eabi/7.3.1/thumb/v6-m/libgcc.a(divdf3.o)
 .debug_frame   0x000000000000078c       0x3c /Applications/Ac6/SystemWorkbench.app/Contents/Eclipse/plugins/fr.ac6.mcu.externaltools.arm-none.macos64_1.17.0.201812190825/tools/compiler/bin/../lib/gcc/arm-none-eabi/7.3.1/thumb/v6-m/libgcc.a(muldf3.o)
 .debug_frame   0x00000000000007c8       0x2c /Applications/Ac6/SystemWorkbench.app/Contents/Eclipse/plugins/fr.ac6.mcu.externaltools.arm-none.macos64_1.17.0.201812190825/tools/compiler/bin/../lib/gcc/arm-none-eabi/7.3.1/thumb/v6-m/libgcc.a(floatsidf.o)
 .debug_frame   0x00000000000007f4       0x30 /Applications/Ac6/SystemWorkbench.app/Contents/Eclipse/plugins/fr.ac6.mcu.externaltools.arm-none.macos64_1.17.0.201812190825/tools/compiler/bin/../lib/gcc/arm-none-eabi/7.3.1/thumb/v6-m/libgcc.a(truncdfsf2.o)
 .debug_frame   0x0000000000000824       0x2c /Applications/Ac6/SystemWorkbench.app/Contents/Eclipse/plugins/fr.ac6.mcu.externaltools.arm-none.macos64_1.17.0.201812190825/tools/compiler/bin/../lib/gcc/arm-none-eabi/7.3.1/../../../../arm-none-eabi/lib/thumb/v6-m/libc.a(lib_a-init.o)
 .debug_frame   0x0000000000000850       0x30 /Applications/Ac6/SystemWorkbench.app/Contents/Eclipse/plugins/fr.ac6.mcu.externaltools.arm-none.macos64_1.17.0.201812190825/tools/compiler/bin/../lib/gcc/arm-none-eabi/7.3.1/../../../../arm-none-eabi/lib/thumb/v6-m/libc.a(lib_a-memset.o)
 .debug_frame   0x0000000000000880       0x38 /Applications/Ac6/SystemWorkbench.app/Contents/Eclipse/plugins/fr.ac6.mcu.externaltools.arm-none.macos64_1.17.0.201812190825/tools/compiler/bin/../lib/gcc/arm-none-eabi/7.3.1/../../../../arm-none-eabi/lib/thumb/v6-m/libc.a(lib_a-random.o)
 .debug_frame   0x00000000000008b8       0x54 /Applications/Ac6/SystemWorkbench.app/Contents/Eclipse/plugins/fr.ac6.mcu.externaltools.arm-none.macos64_1.17.0.201812190825/tools/compiler/bin/../lib/gcc/arm-none-eabi/7.3.1/../../../../arm-none-eabi/lib/thumb/v6-m/libc.a(lib_a-__call_atexit.o)
 .debug_frame   0x000000000000090c       0x28 /Applications/Ac6/SystemWorkbench.app/Contents/Eclipse/plugins/fr.ac6.mcu.externaltools.arm-none.macos64_1.17.0.201812190825/tools/compiler/bin/../lib/gcc/arm-none-eabi/7.3.1/../../../../arm-none-eabi/lib/thumb/v6-m/libc.a(lib_a-atexit.o)
 .debug_frame   0x0000000000000934       0x2c /Applications/Ac6/SystemWorkbench.app/Contents/Eclipse/plugins/fr.ac6.mcu.externaltools.arm-none.macos64_1.17.0.201812190825/tools/compiler/bin/../lib/gcc/arm-none-eabi/7.3.1/../../../../arm-none-eabi/lib/thumb/v6-m/libc.a(lib_a-fini.o)
 .debug_frame   0x0000000000000960       0xb0 /Applications/Ac6/SystemWorkbench.app/Contents/Eclipse/plugins/fr.ac6.mcu.externaltools.arm-none.macos64_1.17.0.201812190825/tools/compiler/bin/../lib/gcc/arm-none-eabi/7.3.1/../../../../arm-none-eabi/lib/thumb/v6-m/libc.a(lib_a-lock.o)
 .debug_frame   0x0000000000000a10       0x3c /Applications/Ac6/SystemWorkbench.app/Contents/Eclipse/plugins/fr.ac6.mcu.externaltools.arm-none.macos64_1.17.0.201812190825/tools/compiler/bin/../lib/gcc/arm-none-eabi/7.3.1/../../../../arm-none-eabi/lib/thumb/v6-m/libc.a(lib_a-__atexit.o)
 .debug_frame   0x0000000000000a4c       0x34 /Applications/Ac6/SystemWorkbench.app/Contents/Eclipse/plugins/fr.ac6.mcu.externaltools.arm-none.macos64_1.17.0.201812190825/tools/compiler/bin/../lib/gcc/arm-none-eabi/7.3.1/thumb/v6-m/libgcc.a(_muldi3.o)
